// Jest Snapshot v1, https://goo.gl/fbAQLP

exports[`render Quotes page render p element content 1`] = `Promise {}`;
